// Jest Snapshot v1, https://goo.gl/fbAQLP

exports[`Test render EditExpense page 1`] = `
<div>
  <h1>
    Edit Expense
  </h1>
  <ExpenseForm
    expense={
      Object {
        "amount": 345100,
        "createdAt": 345600000,
        "description": "struja",
        "id": "3",
        "note": "",
      }
    }
    onSubmit={[Function]}
  />
  <button
    onClick={[Function]}
  >
    Remove
  </button>
</div>
`;
