// Jest Snapshot v1, https://goo.gl/fbAQLP

exports[`Test render ExpenseListItem with expense.id=1 1`] = `
<div>
  <Link
    replace={false}
    to="/edit/2"
  >
    <h3>
      plin
    </h3>
  </Link>
  <p>
    1.345
    -
    28.12.1969.
  </p>
</div>
`;
