// Jest Snapshot v1, https://goo.gl/fbAQLP

exports[`Test LoginPage rendering 1`] = `
<div>
  <button>
    Login
  </button>
</div>
`;
