// Jest Snapshot v1, https://goo.gl/fbAQLP

exports[`Test Not Found Page rendering 1`] = `
<div>
  404! component
  <Link
    replace={false}
    to="/"
  >
    Go home
  </Link>
</div>
`;
